2025-10-04 18:06:13,028 - INFO - Starting ETL Pipeline
2025-10-04 18:06:13,028 - INFO - Scanning data\argo for files...
2025-10-04 18:06:13,029 - INFO - Processing data\argo\20250923_prof.nc for argo_data
2025-10-04 18:06:52,300 - INFO - Loaded 97440 rows into argo_data from 20250923_prof.nc
2025-10-04 18:06:52,301 - ERROR - Could not delete data\argo\20250923_prof.nc: [WinError 32] The process cannot access the file because it is being used by another process: 'data\\argo\\20250923_prof.nc'
2025-10-04 18:06:52,321 - INFO - Scanning data\bgc for files...
2025-10-04 18:06:52,323 - INFO - Processing data\bgc\7902190_Sprof.nc for bgc_data
2025-10-04 18:07:17,043 - INFO - Loaded 50960 rows into bgc_data from 7902190_Sprof.nc
2025-10-04 18:07:17,045 - ERROR - Could not delete data\bgc\7902190_Sprof.nc: [WinError 32] The process cannot access the file because it is being used by another process: 'data\\bgc\\7902190_Sprof.nc'
2025-10-04 18:07:17,069 - INFO - Scanning data\sst for files...
2025-10-04 18:07:17,070 - INFO - Processing data\sst\20250927090000-OSISAF-L3C_GHRSST-SSTsubskin-SEVIRI_IO_SST-ssteqc_meteosat09_20250927_090000-v02.0-fv01.0.nc for sst_data
2025-10-04 18:33:54,545 - INFO - Starting ETL Pipeline
2025-10-04 18:33:54,546 - INFO - Scanning data\sst for files...
2025-10-04 18:33:54,547 - INFO - Processing data\sst\20250927090000-OSISAF-L3C_GHRSST-SSTsubskin-SEVIRI_IO_SST-ssteqc_meteosat09_20250927_090000-v02.0-fv01.0.nc for sst_data
2025-10-04 18:34:11,051 - INFO - Loaded 28097 rows into sst_data from 20250927090000-OSISAF-L3C_GHRSST-SSTsubskin-SEVIRI_IO_SST-ssteqc_meteosat09_20250927_090000-v02.0-fv01.0.nc
2025-10-04 18:34:11,056 - INFO - Deleted file: data\sst\20250927090000-OSISAF-L3C_GHRSST-SSTsubskin-SEVIRI_IO_SST-ssteqc_meteosat09_20250927_090000-v02.0-fv01.0.nc
2025-10-04 18:34:11,075 - INFO - ETL Pipeline finished successfully
2025-10-04 18:36:15,895 - INFO - Starting ETL Pipeline
2025-10-04 18:36:15,896 - INFO - Scanning data\argo for files...
2025-10-04 18:36:15,897 - INFO - Processing data\argo\20250927_prof.nc for argo_data
2025-10-04 18:36:27,354 - INFO - Loaded 26910 rows into argo_data from 20250927_prof.nc
2025-10-04 18:36:27,355 - INFO - Deleted file: data\argo\20250927_prof.nc
2025-10-04 18:36:27,362 - INFO - Scanning data\bgc for files...
2025-10-04 18:36:27,364 - INFO - Processing data\bgc\7902200_Sprof.nc for bgc_data
2025-10-04 18:36:27,809 - ERROR - Error processing data\bgc\7902200_Sprof.nc: "['nitrate'] not in index"
2025-10-04 18:36:27,815 - INFO - Scanning data\sst for files...
2025-10-04 18:36:27,816 - INFO - ETL Pipeline finished successfully
2025-10-04 18:44:07,870 - INFO - Starting ETL Pipeline
2025-10-04 18:44:07,871 - INFO - Scanning data\argo for files...
2025-10-04 18:44:07,873 - INFO - Scanning data\bgc for files...
2025-10-04 18:44:07,874 - INFO - Processing data\bgc\7902200_Sprof.nc for bgc_data
2025-10-04 18:44:08,277 - ERROR - Error processing data\bgc\7902200_Sprof.nc: integer out of range

2025-10-04 18:44:08,302 - INFO - Scanning data\sst for files...
2025-10-04 18:44:08,305 - INFO - ETL Pipeline finished successfully
2025-10-04 18:56:18,790 - INFO - Starting ETL Pipeline
2025-10-04 18:56:18,790 - INFO - Scanning data\argo for files...
2025-10-04 18:56:18,791 - INFO - Scanning data\bgc for files...
2025-10-04 18:56:18,792 - INFO - Processing data\bgc\7902200_Sprof.nc for bgc_data
2025-10-04 18:56:19,097 - ERROR - Error processing data\bgc\7902200_Sprof.nc: "['nitrate'] not in index"
2025-10-04 18:56:19,103 - INFO - Scanning data\sst for files...
2025-10-04 18:56:19,104 - INFO - ETL Pipeline finished successfully
2025-10-04 19:02:25,020 - INFO - Starting ETL Pipeline
2025-10-04 19:02:25,021 - INFO - Scanning data\argo for files...
2025-10-04 19:02:25,022 - INFO - Scanning data\bgc for files...
2025-10-04 19:02:25,024 - INFO - Processing data\bgc\7902200_Sprof.nc for bgc_data
2025-10-04 19:02:45,664 - INFO - Loaded 42722 rows into bgc_data from 7902200_Sprof.nc
2025-10-04 19:02:45,674 - INFO - Deleted file: data\bgc\7902200_Sprof.nc
2025-10-04 19:02:45,694 - INFO - Scanning data\sst for files...
2025-10-04 19:02:45,698 - INFO - ETL Pipeline finished successfully
